{"timestamp":"2026-07-31T18:44:32.025715Z","level":"info","event":"::group::Pre Execute","logger":"task","filename":"task_runner.py","lineno":2303}
{"timestamp":"2026-07-31T18:44:32.112034Z","level":"info","event":"DAG bundles loaded: dags-folder, example_dags, apache-airflow-providers-common-sql-example-dags, apache-airflow-providers-standard-example-dags","run_id":"manual__2026-07-31T18:44:28.076772+00:00","task_id":"choose_path","dag_id":"operator_demo_bank_pipeline","ti_id":"019fb97d-f749-7b50-b302-12e647c6d66d","try_number":1,"map_index":-1,"logger":"airflow.dag_processing.bundles.manager.DagBundlesManager","filename":"manager.py","lineno":271}
{"timestamp":"2026-07-31T18:44:32.115429Z","level":"info","event":"Filling up the DagBag from /opt/airflow/dags/operator_demo1.py","run_id":"manual__2026-07-31T18:44:28.076772+00:00","task_id":"choose_path","dag_id":"operator_demo_bank_pipeline","ti_id":"019fb97d-f749-7b50-b302-12e647c6d66d","try_number":1,"map_index":-1,"logger":"airflow.dag_processing.dagbag.BundleDagBag","filename":"dagbag.py","lineno":460}
{"timestamp":"2026-07-31T18:44:32.147839Z","level":"info","event":"Worker startup parse complete","bundle_name":"dags-folder","bundle_version":null,"dag_file":"operator_demo1.py","dag_id":"operator_demo_bank_pipeline","bundle_prepare_ms":5,"dag_file_parse_ms":33,"run_id":"manual__2026-07-31T18:44:28.076772+00:00","task_id":"choose_path","ti_id":"019fb97d-f749-7b50-b302-12e647c6d66d","try_number":1,"map_index":-1,"logger":"task","filename":"task_runner.py","lineno":1062}
{"timestamp":"2026-07-31T18:44:32.184788Z","level":"info","event":"Task instance is in running state","logger":"task.stdout"}
{"timestamp":"2026-07-31T18:44:32.186363Z","level":"info","event":" Previous state of the Task instance: TaskInstanceState.QUEUED","logger":"task.stdout"}
{"timestamp":"2026-07-31T18:44:32.187964Z","level":"info","event":"Current task name:choose_path","logger":"task.stdout"}
{"timestamp":"2026-07-31T18:44:32.189197Z","level":"info","event":"Dag name:operator_demo_bank_pipeline","logger":"task.stdout"}
{"timestamp":"2026-07-31T18:44:32.185826Z","level":"info","event":"::endgroup::","run_id":"manual__2026-07-31T18:44:28.076772+00:00","task_id":"choose_path","dag_id":"operator_demo_bank_pipeline","ti_id":"019fb97d-f749-7b50-b302-12e647c6d66d","try_number":1,"map_index":-1,"logger":"task","filename":"task_runner.py","lineno":2107}
{"timestamp":"2026-07-31T18:44:32.214598Z","level":"info","event":"Invalid transaction count: 1","logger":"task.stdout"}
{"timestamp":"2026-07-31T18:44:32.216182Z","level":"info","event":"Selected path: quarantine_invalid_data","logger":"task.stdout"}
{"timestamp":"2026-07-31T18:44:32.214661Z","level":"info","event":"Done. Returned value was: quarantine_invalid_data","run_id":"manual__2026-07-31T18:44:28.076772+00:00","task_id":"choose_path","dag_id":"operator_demo_bank_pipeline","ti_id":"019fb97d-f749-7b50-b302-12e647c6d66d","try_number":1,"map_index":-1,"logger":"airflow.task.operators.airflow.providers.standard.operators.python.BranchPythonOperator","filename":"python.py","lineno":233}
{"timestamp":"2026-07-31T18:44:32.214931Z","level":"info","event":"Branch into quarantine_invalid_data","run_id":"manual__2026-07-31T18:44:28.076772+00:00","task_id":"choose_path","dag_id":"operator_demo_bank_pipeline","ti_id":"019fb97d-f749-7b50-b302-12e647c6d66d","try_number":1,"map_index":-1,"logger":"airflow.task.operators.airflow.providers.standard.operators.python.BranchPythonOperator","filename":"branch.py","lineno":40}
{"timestamp":"2026-07-31T18:44:32.215392Z","level":"info","event":"Following branch {'quarantine_invalid_data'}","run_id":"manual__2026-07-31T18:44:28.076772+00:00","task_id":"choose_path","dag_id":"operator_demo_bank_pipeline","ti_id":"019fb97d-f749-7b50-b302-12e647c6d66d","try_number":1,"map_index":-1,"logger":"airflow.task.operators.airflow.providers.standard.operators.python.BranchPythonOperator","filename":"skipmixin.py","lineno":124}
{"timestamp":"2026-07-31T18:44:32.215829Z","level":"info","event":"Skipping tasks [('process_valid_transactions', -1)]","run_id":"manual__2026-07-31T18:44:28.076772+00:00","task_id":"choose_path","dag_id":"operator_demo_bank_pipeline","ti_id":"019fb97d-f749-7b50-b302-12e647c6d66d","try_number":1,"map_index":-1,"logger":"airflow.task.operators.airflow.providers.standard.operators.python.BranchPythonOperator","filename":"skipmixin.py","lineno":163}
{"timestamp":"2026-07-31T18:44:32.245709Z","level":"info","event":"::group::Post Execute","run_id":"manual__2026-07-31T18:44:28.076772+00:00","task_id":"choose_path","dag_id":"operator_demo_bank_pipeline","ti_id":"019fb97d-f749-7b50-b302-12e647c6d66d","try_number":1,"map_index":-1,"logger":"task","filename":"task_runner.py","lineno":1602}
{"timestamp":"2026-07-31T18:44:32.245882Z","level":"info","event":"Skipping downstream tasks.","run_id":"manual__2026-07-31T18:44:28.076772+00:00","task_id":"choose_path","dag_id":"operator_demo_bank_pipeline","ti_id":"019fb97d-f749-7b50-b302-12e647c6d66d","try_number":1,"map_index":-1,"logger":"task","filename":"task_runner.py","lineno":1603}
{"timestamp":"2026-07-31T18:44:32.289964Z","level":"info","event":"Task instance in success state","logger":"task.stdout"}
{"timestamp":"2026-07-31T18:44:32.291417Z","level":"info","event":" Previous state of the Task instance: TaskInstanceState.RUNNING","logger":"task.stdout"}
{"timestamp":"2026-07-31T18:44:32.293105Z","level":"info","event":"Task operator:<Task(BranchPythonOperator): choose_path>","logger":"task.stdout"}
{"timestamp":"2026-07-31T18:44:32.290179Z","level":"info","event":"::endgroup::","run_id":"manual__2026-07-31T18:44:28.076772+00:00","task_id":"choose_path","dag_id":"operator_demo_bank_pipeline","ti_id":"019fb97d-f749-7b50-b302-12e647c6d66d","try_number":1,"map_index":-1,"logger":"task","filename":"task_runner.py","lineno":2270}
